2026-09-14T05:53:33.921Z | GET | /api/books?category=IT&limit=2
2026-09-14T05:53:33.931Z | GET | /
2026-09-14T05:53:33.938Z | POST | /api/books
2026-09-14T05:54:12.208Z | GET | /api/books?category=IT&limit=2
2026-09-14T05:54:12.217Z | POST | /api/books
2026-09-14T05:55:29.974Z | GET | /
2026-09-14T05:55:29.977Z | GET | /about
2026-09-14T05:55:29.978Z | GET | /api/books?category=IT&limit=2
2026-09-14T05:55:29.979Z | GET | /download
2026-09-14T05:59:18.157Z | GET | /api/books?category=IT&limit=2
2026-09-14T05:59:18.170Z | POST | /api/books
2026-09-14T05:59:18.181Z | GET | /
2026-09-14T06:16:40.777Z | GET | /api/books?category=IT&limit=2%20
2026-09-14T06:17:37.030Z | GET | /
2026-09-14T06:18:18.517Z | GET | /about
2026-09-14T06:19:22.716Z | GET | /api/books
2026-09-14T06:20:15.224Z | GET | /
2026-09-14T06:20:15.264Z | GET | /public/style.css
2026-09-14T06:20:15.264Z | GET | /public/book-cover.svg
2026-09-14T06:20:15.280Z | GET | /favicon.ico
2026-09-14T06:21:00.746Z | GET | /about
2026-09-14T06:21:22.209Z | GET | /api/book
2026-09-14T06:21:29.527Z | GET | /api/books
2026-09-14T06:31:56.729Z | GET | /api/books?category=IT&limit=2
2026-09-14T06:32:39.539Z | POST | /api/books
2026-09-14T06:33:13.965Z | POST | /api/books?title=con%20ca%20vang
2026-09-14T06:33:26.337Z | POST | /api/books?title=con%20ca%20vang&author=Donal%20Trum
2026-09-14T06:33:50.169Z | POST | /api/books?title=con%20ca%20vang&author=Donald%20Trump&category=strategy
2026-09-14T06:33:56.434Z | POST | /api/books?title=con%20ca%20vang&author=Donald%20Trump&category=strategy
2026-09-14T06:35:56.818Z | POST | /api/books
2026-09-14T06:36:05.064Z | GET | /api/books
2026-09-14T06:37:28.140Z | GET | /api/books?category=IT&limit=2
2026-09-14T06:44:38.554Z | GET | /
2026-09-14T06:44:38.555Z | GET | /about
2026-09-14T06:44:38.556Z | GET | /api/books?category=IT&limit=2
2026-09-14T06:44:38.557Z | GET | /download
2026-09-14T06:45:32.618Z | GET | /
2026-09-14T06:45:32.821Z | GET | /about
2026-09-14T06:45:32.832Z | GET | /api/books?category=IT&limit=2
2026-09-14T06:45:32.844Z | GET | /download
2026-09-14T07:02:26.996Z | POST | /api/books
2026-09-14T07:11:26.060Z | HEAD | /public/index.html
2026-09-14T07:11:26.072Z | HEAD | /download
2026-09-14T07:11:49.833Z | GET | /public/index.html
2026-09-14T07:11:49.844Z | GET | /download
